tptp_111      16116179  TPTP-v1.1.1
tptp_111        400995  TPTP-v1.1.1/Axioms
tptp_111        527409  TPTP-v1.1.1/Documents
tptp_111      15097168  TPTP-v1.1.1/Problems
tptp_111         12931  TPTP-v1.1.1/Problems/ALG
tptp_111         67850  TPTP-v1.1.1/Problems/ANA
tptp_111         87554  TPTP-v1.1.1/Problems/BOO
tptp_111        115167  TPTP-v1.1.1/Problems/CAT
tptp_111         32945  TPTP-v1.1.1/Problems/CID
tptp_111         22689  TPTP-v1.1.1/Problems/CIV
tptp_111        288959  TPTP-v1.1.1/Problems/COL
tptp_111         34286  TPTP-v1.1.1/Problems/COM
tptp_111        603686  TPTP-v1.1.1/Problems/GEO
tptp_111          3876  TPTP-v1.1.1/Problems/GRA
tptp_111        386870  TPTP-v1.1.1/Problems/GRP
tptp_111        126428  TPTP-v1.1.1/Problems/HEN
tptp_111         31610  TPTP-v1.1.1/Problems/LAT
tptp_111        607159  TPTP-v1.1.1/Problems/LCL
tptp_111         57954  TPTP-v1.1.1/Problems/LDA
tptp_111        841743  TPTP-v1.1.1/Problems/MSC
tptp_111        880749  TPTP-v1.1.1/Problems/NUM
tptp_111         57322  TPTP-v1.1.1/Problems/PLA
tptp_111         20752  TPTP-v1.1.1/Problems/PRV
tptp_111        310387  TPTP-v1.1.1/Problems/PUZ
tptp_111        284094  TPTP-v1.1.1/Problems/RNG
tptp_111         71187  TPTP-v1.1.1/Problems/ROB
tptp_111       2095755  TPTP-v1.1.1/Problems/SET
tptp_111       8003646  TPTP-v1.1.1/Problems/SYN
tptp_111         51569  TPTP-v1.1.1/Problems/TOP
tptp_111          6617  TPTP-v1.1.1/Scripts
tptp_111         83990  TPTP-v1.1.1/TPTP2X
